
> catsoav@0.1.0 build
> next build

node.exe :  ÔÜá Warning: Found multiple lockfiles. 
Selecting C:\Users\package-lock.json.
En línea: 1 Carácter: 1
+ & "C:\Program Files\nodejs/node.exe" "C:\Program 
Files\nodejs/node_mo ...
+ ~~~~~~~~~~~~~~~~~~~~~~~~~~~~~~~~~~~~~~~~~~~~~~~~~~~~~~
~~~~~~~~~~~~~~~
    + CategoryInfo          : NotSpecified: ( ÔÜá Warni 
   ng: F...kage-lock.json.:String) [], RemoteException
    + FullyQualifiedErrorId : NativeCommandError
 
   Consider removing the lockfiles at:
   * C:\Users\tateg\Documents\GitHub\catsoav\package-loc
k.json

   Ôû▓ Next.js 15.4.10
   - Environments: .env

   Creating an optimized production build ...
 Ô£ô Compiled successfully in 7.0s
   Linting and checking validity of types ...

Failed to compile.

./app/admin/layout.tsx
13:33  Warning: Using `<img>` could result in slower 
LCP and higher bandwidth. Consider using `<Image />` 
from `next/image` or a custom image loader to 
automatically optimize images. This may incur 
additional usage or cost from your provider. See: 
https://nextjs.org/docs/messages/no-img-element  
@next/next/no-img-element
23:29  Error: Do not use an `<a>` element to navigate 
to `/`. Use `<Link />` from `next/link` instead. See: 
https://nextjs.org/docs/messages/no-html-link-for-pages 
 @next/next/no-html-link-for-pages

./app/api/admin/behance/sync/route.ts
89:25  Error: Use "@ts-expect-error" instead of 
"@ts-ignore", as "@ts-ignore" will do nothing if the 
following line is error-free.  
@typescript-eslint/ban-ts-comment
105:25  Error: Use "@ts-expect-error" instead of 
"@ts-ignore", as "@ts-ignore" will do nothing if the 
following line is error-free.  
@typescript-eslint/ban-ts-comment
121:21  Error: Unexpected any. Specify a different 
type.  @typescript-eslint/no-explicit-any

./app/api/categories/route.ts
12:14  Warning: 'error' is defined but never used.  
@typescript-eslint/no-unused-vars
41:14  Warning: 'error' is defined but never used.  
@typescript-eslint/no-unused-vars

./app/api/categories/[id]/route.ts
24:14  Warning: 'error' is defined but never used.  
@typescript-eslint/no-unused-vars
45:14  Warning: 'error' is defined but never used.  
@typescript-eslint/no-unused-vars

./app/api/projects/reorder/route.ts
18:46  Error: Unexpected any. Specify a different type. 
 @typescript-eslint/no-explicit-any

./app/api/projects/route.ts
6:27  Warning: 'request' is defined but never used.  
@typescript-eslint/no-unused-vars
19:14  Warning: 'error' is defined but never used.  
@typescript-eslint/no-unused-vars
46:14  Warning: 'error' is defined but never used.  
@typescript-eslint/no-unused-vars

./app/master-access/page.tsx
33:18  Warning: 'error' is defined but never used.  
@typescript-eslint/no-unused-vars
45:25  Warning: Using `<img>` could result in slower 
LCP and higher bandwidth. Consider using `<Image />` 
from `next/image` or a custom image loader to 
automatically optimize images. This may incur 
additional usage or cost from your provider. See: 
https://nextjs.org/docs/messages/no-img-element  
@next/next/no-img-element

./app/page.tsx
7:10  Warning: 'SessionProvider' is defined but never 
used.  @typescript-eslint/no-unused-vars
13:3  Warning: 'closestCenter' is defined but never 
used.  @typescript-eslint/no-unused-vars
19:3  Warning: 'DragEndEvent' is defined but never 
used.  @typescript-eslint/no-unused-vars
21:3  Warning: 'rectIntersection' is defined but never 
used.  @typescript-eslint/no-unused-vars
31:8  Warning: 'CatsoVideoPlayer' is defined but never 
used.  @typescript-eslint/no-unused-vars
43:7  Warning: 'MemoizedCrew' is assigned a value but 
never used.  @typescript-eslint/no-unused-vars
44:7  Warning: 'MemoizedClients' is assigned a value 
but never used.  @typescript-eslint/no-unused-vars
46:10  Warning: 'getYouTubeId' is defined but never 
used.  @typescript-eslint/no-unused-vars
46:24  Warning: 'getVimeoId' is defined but never used. 
 @typescript-eslint/no-unused-vars
46:53  Warning: 'checkIsDirectVideo' is defined but 
never used.  @typescript-eslint/no-unused-vars
61:44  Error: Unexpected any. Specify a different type. 
 @typescript-eslint/no-explicit-any
62:48  Error: Unexpected any. Specify a different type. 
 @typescript-eslint/no-explicit-any
69:6  Warning: React Hook useEffect has a missing 
dependency: 'fetchInitialData'. Either include it or 
remove the dependency array.  
react-hooks/exhaustive-deps
125:65  Error: Unexpected any. Specify a different 
type.  @typescript-eslint/no-explicit-any
129:24  Error: Unexpected any. Specify a different 
type.  @typescript-eslint/no-explicit-any
137:14  Warning: 'err' is defined but never used.  
@typescript-eslint/no-unused-vars
138:26  Error: Unexpected any. Specify a different 
type.  @typescript-eslint/no-explicit-any
144:31  Error: Unexpected any. Specify a different 
type.  @typescript-eslint/no-explicit-any
147:21  Error: Unexpected any. Specify a different 
type.  @typescript-eslint/no-explicit-any
148:19  Error: Unexpected any. Specify a different 
type.  @typescript-eslint/no-explicit-any
148:27  Error: Unexpected any. Specify a different 
type.  @typescript-eslint/no-explicit-any
164:34  Error: Unexpected any. Specify a different 
type.  @typescript-eslint/no-explicit-any
209:39  Error: Unexpected any. Specify a different 
type.  @typescript-eslint/no-explicit-any
219:13  Warning: 'overProject' is assigned a value but 
never used.  @typescript-eslint/no-unused-vars
374:55  Error: Unexpected any. Specify a different 
type.  @typescript-eslint/no-explicit-any
480:57  Error: Unexpected any. Specify a different 
type.  @typescript-eslint/no-explicit-any
586:35  Error: Unexpected any. Specify a different 
type.  @typescript-eslint/no-explicit-any
685:128  Error: Unexpected any. Specify a different 
type.  @typescript-eslint/no-explicit-any
728:20  Error: `'` can be escaped with `&apos;`, 
`&lsquo;`, `&#39;`, `&rsquo;`.  
react/no-unescaped-entities

./app/project/[id]/page.tsx
44:9  Error: Use "@ts-expect-error" instead of 
"@ts-ignore", as "@ts-ignore" will do nothing if the 
following line is error-free.  
@typescript-eslint/ban-ts-comment
52:25  Error: Unexpected any. Specify a different type. 
 @typescript-eslint/no-explicit-any
53:52  Error: Unexpected any. Specify a different type. 
 @typescript-eslint/no-explicit-any
55:25  Error: Unexpected any. Specify a different type. 
 @typescript-eslint/no-explicit-any
56:50  Error: Unexpected any. Specify a different type. 
 @typescript-eslint/no-explicit-any
68:29  Error: Unexpected any. Specify a different type. 
 @typescript-eslint/no-explicit-any
81:17  Error: Use "@ts-expect-error" instead of 
"@ts-ignore", as "@ts-ignore" will do nothing if the 
following line is error-free.  
@typescript-eslint/ban-ts-comment
112:33  Error: Use "@ts-expect-error" instead of 
"@ts-ignore", as "@ts-ignore" will do nothing if the 
following line is error-free.  
@typescript-eslint/ban-ts-comment

./components/admin/SyncBehanceButton.tsx
30:18  Warning: 'error' is defined but never used.  
@typescript-eslint/no-unused-vars

./components/CatsoVideoPlayer.tsx
19:12  Warning: 'isFullscreen' is assigned a value but 
never used.  @typescript-eslint/no-unused-vars
21:39  Error: Unexpected any. Specify a different type. 
 @typescript-eslint/no-explicit-any

./components/QuickProjectButton.tsx
13:50  Error: Unexpected any. Specify a different type. 
 @typescript-eslint/no-explicit-any
35:8  Warning: React Hook useEffect has a missing 
dependency: 'fetchCategories'. Either include it or 
remove the dependency array.  
react-hooks/exhaustive-deps
53:50  Error: Unexpected any. Specify a different type. 
 @typescript-eslint/no-explicit-any
54:66  Error: Unexpected any. Specify a different type. 
 @typescript-eslint/no-explicit-any
271:147  Error: Unexpected any. Specify a different 
type.  @typescript-eslint/no-explicit-any
291:147  Error: Unexpected any. Specify a different 
type.  @typescript-eslint/no-explicit-any

./components/ServicesList.tsx
40:12  Warning: 'hoveredService' is assigned a value 
but never used.  @typescript-eslint/no-unused-vars

./components/SortableItem.tsx
30:33  Error: Expected a `const` instead of a literal 
type assertion.  @typescript-eslint/prefer-as-const
40:23  Warning: 'e' is defined but never used.  
@typescript-eslint/no-unused-vars

./components/VideoThumbnail.tsx
93:8  Warning: React Hook useEffect has a missing 
dependency: 'isInView'. Either include it or remove the 
dependency array.  react-hooks/exhaustive-deps

./components/Workflow.tsx
79:117  Error: Comments inside children section of tag 
should be placed inside braces  
react/jsx-no-comment-textnodes

./lib/behance-sync.ts
7:25  Error: Unexpected any. Specify a different type.  
@typescript-eslint/no-explicit-any
96:17  Error: 'cleanTitle' is never reassigned. Use 
'const' instead.  prefer-const

info  - Need to disable some ESLint rules? Learn more 
here: https://nextjs.org/docs/app/api-reference/config/e
slint#disabling-rules
