
> catsoav@0.1.0 build
> next build

node.exe :  ÔÜá 
Warning: Found 
multiple lockfiles. 
Selecting C:\Users\p
ackage-lock.json.
En línea: 1 
Carácter: 1
+ & "C:\Program File
s\nodejs/node.exe" 
"C:\Program Files\no
dejs/node_mo ...
+ ~~~~~~~~~~~~~~~~~~
~~~~~~~~~~~~~~~~~~~~
~~~~~~~~~~~~~~~~~~~~
~~~~~~~~~~~
    + CategoryInfo  
            : NotS  
  pecified: ( ÔÜá   
  Warning: F...k    
age-lock.json.:    
String) [], Rem    
oteException
    + FullyQualifie 
   dErrorId : Nati  
  veCommandError
 
   Consider 
removing the 
lockfiles at:
   * C:\Users\tateg\
Documents\GitHub\cat
soav\package-lock.js
on

   Ôû▓ Next.js 15.4.10
   - Environments: .env
   - Experiments (use with caution):
     ┬À optimizePackageImports

   Creating an optimized production build ...
 Ô£ô Compiled successfully in 15.0s
   Linting and checking validity of types ...

Failed to compile.

./app/admin/categori
es/page.tsx
4:10  Warning: 
'useRouter' is 
defined but never 
used.  @typescript-e
slint/no-unused-vars

./app/api/categories
/[id]/route.ts
46:14  Warning: 
'error' is defined 
but never used.  @ty
pescript-eslint/no-u
nused-vars

./app/api/projects/r
oute.ts
6:27  Warning: 
'_request' is 
defined but never 
used.  @typescript-e
slint/no-unused-vars
19:14  Warning: 
'error' is defined 
but never used.  @ty
pescript-eslint/no-u
nused-vars
46:14  Warning: 
'error' is defined 
but never used.  @ty
pescript-eslint/no-u
nused-vars

./components/admin/S
yncBehanceButton.tsx
30:18  Warning: 
'_error' is defined 
but never used.  @ty
pescript-eslint/no-u
nused-vars

./components/HomeCli
ent.tsx
406:57  Error: 
Unexpected any. 
Specify a different 
type.  @typescript-e
slint/no-explicit-an
y
407:85  Error: 
Unexpected any. 
Specify a different 
type.  @typescript-e
slint/no-explicit-an
y
424:55  Error: 
Unexpected any. 
Specify a different 
type.  @typescript-e
slint/no-explicit-an
y
425:81  Error: 
Unexpected any. 
Specify a different 
type.  @typescript-e
slint/no-explicit-an
y
460:18  Warning: 
'_err' is defined 
but never used.  @ty
pescript-eslint/no-u
nused-vars
475:12  Warning: 
'activeId' is 
assigned a value 
but never used.  @ty
pescript-eslint/no-u
nused-vars

./components/QuickPr
ojectButton.tsx
101:36  Warning: 
'e' is defined but 
never used.  @typesc
ript-eslint/no-unuse
d-vars

./components/ScrollR
estoration.tsx
42:26  Warning: 
'_error' is defined 
but never used.  @ty
pescript-eslint/no-u
nused-vars

info  - Need to 
disable some ESLint 
rules? Learn more 
here: https://nextjs
.org/docs/app/api-re
ference/config/eslin
t#disabling-rules
